// Jest Snapshot v1, https://goo.gl/fbAQLP

exports[`Summary component should match snapshot 1`] = `
<div>
  <div
    class="sc-dlnjwi gsoFCl"
  >
    <div
      class="sc-hKFxyN iCJaxk"
      data-testid="monthly-amount"
    >
      <h4>
        Monthly amount
      </h4>
      <p>
        $25,000
      </p>
    </div>
    <div
      class="sc-eCApnc hVfgZM"
      data-testid="summary-text"
    >
      <p>
        Youâ€™re planning 
        <strong>
          1 monthly deposits
        </strong>
         
        to reach your
         
        <strong>
          $25,000
        </strong>
         goal by
         
        <strong>
          December
           
          2021
        </strong>
        .
      </p>
    </div>
  </div>
</div>
`;
