// Jest Snapshot v1, https://goo.gl/fbAQLP

exports[`Header component should match snapshot 1`] = `
<div>
  <header
    class="sc-dlnjwi KHDXg"
  >
    <img
      alt="Origin"
      class="sc-hKFxyN xorWA"
      src="origin-logo.svg"
    />
  </header>
</div>
`;
