// Jest Snapshot v1, https://goo.gl/fbAQLP

exports[`CustomButton component should match snapshot 1`] = `
<div>
  <button
    class="sc-bdnxRM KETXL"
    color="primary"
    type="submit"
  >
    This is a button!
  </button>
</div>
`;
