// Jest Snapshot v1, https://goo.gl/fbAQLP

exports[`ArrowButton component should match snapshot 1`] = `
<div>
  <button
    class="sc-bdnxRM leqYLS"
    id="test"
    type="button"
  >
    <img
      alt="arrow-right"
      src="arrow-right.svg"
    />
  </button>
</div>
`;
